00:50:37.559 [main] DEBUG o.s.b.t.c.SpringBootTestContextBootstrapper -Neither @ContextConfiguration nor @ContextHierarchy found for test class [RedisTests]: using SpringBootContextLoader
00:50:37.563 [main] DEBUG o.s.t.c.s.AbstractContextLoader -Could not detect default resource locations for test class [com.journalingapp.soham.journalApp.service.RedisTests]: no resource found for suffixes {-context.xml, Context.groovy}.
00:50:37.564 [main] INFO  o.s.t.c.s.AnnotationConfigContextLoaderUtils -Could not detect default configuration classes for test class [com.journalingapp.soham.journalApp.service.RedisTests]: RedisTests does not declare any static, non-private, non-final, nested classes annotated with @Configuration.
00:50:37.587 [main] DEBUG o.s.b.t.c.SpringBootTestContextBootstrapper -Using ContextCustomizerFactory implementations for test class [RedisTests]: [ImportsContextCustomizerFactory, ExcludeFilterContextCustomizerFactory, HttpGraphQlTesterContextCustomizerFactory, DuplicateJsonObjectContextCustomizerFactory, MockitoContextCustomizerFactory, TestRestTemplateContextCustomizerFactory, WebTestClientContextCustomizerFactory, DisableReactorResourceFactoryGlobalResourcesContextCustomizerFactory, OnFailureConditionReportContextCustomizerFactory, OverrideAutoConfigurationContextCustomizerFactory, ObservabilityContextCustomizerFactory, TypeExcludeFiltersContextCustomizerFactory, PropertyMappingContextCustomizerFactory, WebDriverContextCustomizerFactory, BeanOverrideContextCustomizerFactory, MockServerContainerContextCustomizerFactory, DynamicPropertiesContextCustomizerFactory]
00:50:37.623 [main] DEBUG o.s.b.t.c.SpringBootTestContextBootstrapper -Using ContextCustomizers for test class [RedisTests]: [ExcludeFilterContextCustomizer, DuplicateJsonObjectContextCustomizer, MockitoContextCustomizer, TestRestTemplateContextCustomizer, DisableReactorResourceFactoryGlobalResourcesContextCustomizerCustomizer, OnFailureConditionReportContextCustomizer, DisableObservabilityContextCustomizer, PropertyMappingContextCustomizer, WebDriverContextCustomizer, DynamicPropertiesContextCustomizer]
00:50:37.766 [main] DEBUG o.s.c.a.ClassPathScanningCandidateComponentProvider -Identified candidate component class: file [C:\Users\soham\Downloads\journalApp\journalApp\target\classes\com\journalingapp\soham\journalApp\JournalApplication.class]
00:50:37.768 [main] INFO  o.s.b.t.c.SpringBootTestContextBootstrapper -Found @SpringBootConfiguration com.journalingapp.soham.journalApp.JournalApplication for test class com.journalingapp.soham.journalApp.service.RedisTests
00:50:37.874 [main] DEBUG o.s.t.c.u.TestContextSpringFactoriesUtils -Skipping candidate TestExecutionListener [org.springframework.test.context.observation.MicrometerObservationRegistryTestExecutionListener] due to a missing dependency. Specify custom TestExecutionListener classes or make the default TestExecutionListener classes and their required dependencies available. Offending class: io.micrometer.context.ThreadLocalAccessor. MicrometerObservationRegistryTestExecutionListener requires io.micrometer:micrometer-observation:1.10.8 or higher and io.micrometer:context-propagation:1.0.3 or higher.
00:50:37.888 [main] DEBUG o.s.b.t.c.SpringBootTestContextBootstrapper -Using TestExecutionListeners for test class [RedisTests]: [ServletTestExecutionListener, DirtiesContextBeforeModesTestExecutionListener, ApplicationEventsTestExecutionListener, MockitoTestExecutionListener, BeanOverrideTestExecutionListener, DependencyInjectionTestExecutionListener, DirtiesContextTestExecutionListener, CommonCachesTestExecutionListener, TransactionalTestExecutionListener, SqlScriptsTestExecutionListener, EventPublishingTestExecutionListener, ResetMocksTestExecutionListener, RestDocsTestExecutionListener, MockRestServiceServerResetTestExecutionListener, MockMvcPrintOnlyOnFailureTestExecutionListener, WebDriverTestExecutionListener, MockWebServiceServerTestExecutionListener, MockitoResetTestExecutionListener]
00:50:37.890 [main] DEBUG o.s.t.c.s.DirtiesContextBeforeModesTestExecutionListener -Before test class: class [RedisTests], class annotated with @DirtiesContext [false] with mode [null]
00:50:38.216 [main] INFO  c.j.s.journalApp.service.RedisTests -Starting RedisTests using Java 17.0.13 with PID 3680 (started by soham in C:\Users\soham\Downloads\journalApp\journalApp)
00:50:38.218 [main] DEBUG c.j.s.journalApp.service.RedisTests -Running with Spring Boot v3.4.12, Spring v6.2.14
00:50:38.220 [main] INFO  c.j.s.journalApp.service.RedisTests -No active profile set, falling back to 1 default profile: "default"
00:50:38.221 [main] DEBUG o.s.boot.SpringApplication -Loading source class com.journalingapp.soham.journalApp.JournalApplication
00:50:38.268 [main] DEBUG o.s.w.c.s.GenericWebApplicationContext -Refreshing org.springframework.web.context.support.GenericWebApplicationContext@3068b369
00:50:38.291 [main] DEBUG o.s.b.f.s.DefaultListableBeanFactory -Creating shared instance of singleton bean 'org.springframework.context.annotation.internalConfigurationAnnotationProcessor'
00:50:38.310 [main] DEBUG o.s.b.f.s.DefaultListableBeanFactory -Creating shared instance of singleton bean 'org.springframework.boot.autoconfigure.internalCachingMetadataReaderFactory'
00:50:38.363 [main] DEBUG o.s.c.a.ClassPathBeanDefinitionScanner -Identified candidate component class: file [C:\Users\soham\Downloads\journalApp\journalApp\target\classes\com\journalingapp\soham\journalApp\cache\AppCache.class]
00:50:38.374 [main] DEBUG o.s.c.a.ClassPathBeanDefinitionScanner -Identified candidate component class: file [C:\Users\soham\Downloads\journalApp\journalApp\target\classes\com\journalingapp\soham\journalApp\config\SpringSecurity.class]
00:50:38.391 [main] DEBUG o.s.c.a.ClassPathBeanDefinitionScanner -Identified candidate component class: file [C:\Users\soham\Downloads\journalApp\journalApp\target\classes\com\journalingapp\soham\journalApp\controller\AdminController.class]
00:50:38.396 [main] DEBUG o.s.c.a.ClassPathBeanDefinitionScanner -Identified candidate component class: file [C:\Users\soham\Downloads\journalApp\journalApp\target\classes\com\journalingapp\soham\journalApp\controller\JournalEntryController.class]
00:50:38.397 [main] DEBUG o.s.c.a.ClassPathBeanDefinitionScanner -Identified candidate component class: file [C:\Users\soham\Downloads\journalApp\journalApp\target\classes\com\journalingapp\soham\journalApp\controller\PublicController.class]
00:50:38.399 [main] DEBUG o.s.c.a.ClassPathBeanDefinitionScanner -Identified candidate component class: file [C:\Users\soham\Downloads\journalApp\journalApp\target\classes\com\journalingapp\soham\journalApp\controller\UserController.class]
00:50:38.414 [main] DEBUG o.s.c.a.ClassPathBeanDefinitionScanner -Identified candidate component class: file [C:\Users\soham\Downloads\journalApp\journalApp\target\classes\com\journalingapp\soham\journalApp\repository\UserRepositoryImpl.class]
00:50:38.417 [main] DEBUG o.s.c.a.ClassPathBeanDefinitionScanner -Identified candidate component class: file [C:\Users\soham\Downloads\journalApp\journalApp\target\classes\com\journalingapp\soham\journalApp\scheduler\UserScheduler.class]
00:50:38.419 [main] DEBUG o.s.c.a.ClassPathBeanDefinitionScanner -Identified candidate component class: file [C:\Users\soham\Downloads\journalApp\journalApp\target\classes\com\journalingapp\soham\journalApp\service\EmailService.class]
00:50:38.420 [main] DEBUG o.s.c.a.ClassPathBeanDefinitionScanner -Identified candidate component class: file [C:\Users\soham\Downloads\journalApp\journalApp\target\classes\com\journalingapp\soham\journalApp\service\JournalEntryService.class]
00:50:38.420 [main] DEBUG o.s.c.a.ClassPathBeanDefinitionScanner -Identified candidate component class: file [C:\Users\soham\Downloads\journalApp\journalApp\target\classes\com\journalingapp\soham\journalApp\service\SentimentAnalysisService.class]
00:50:38.421 [main] DEBUG o.s.c.a.ClassPathBeanDefinitionScanner -Identified candidate component class: file [C:\Users\soham\Downloads\journalApp\journalApp\target\classes\com\journalingapp\soham\journalApp\service\UserDetailsServiceImpl.class]
00:50:38.422 [main] DEBUG o.s.c.a.ClassPathBeanDefinitionScanner -Identified candidate component class: file [C:\Users\soham\Downloads\journalApp\journalApp\target\classes\com\journalingapp\soham\journalApp\service\UserService.class]
00:50:38.423 [main] DEBUG o.s.c.a.ClassPathBeanDefinitionScanner -Identified candidate component class: file [C:\Users\soham\Downloads\journalApp\journalApp\target\classes\com\journalingapp\soham\journalApp\service\WeatherService.class]
00:50:39.233 [main] INFO  o.s.d.r.c.RepositoryConfigurationDelegate -Multiple Spring Data modules found, entering strict repository configuration mode
00:50:39.235 [main] INFO  o.s.d.r.c.RepositoryConfigurationDelegate -Bootstrapping Spring Data MongoDB repositories in DEFAULT mode.
00:50:39.241 [main] DEBUG o.s.b.f.s.DefaultListableBeanFactory -Creating shared instance of singleton bean 'org.springframework.boot.autoconfigure.AutoConfigurationPackages'
00:50:39.252 [main] DEBUG o.s.b.a.AutoConfigurationPackages -@EnableAutoConfiguration was declared on a class in the package 'com.journalingapp.soham.journalApp'. Automatic @Repository and @Entity scanning is enabled.
00:50:39.253 [main] DEBUG o.s.d.r.c.RepositoryConfigurationDelegate -Scanning for MongoDB repositories in packages com.journalingapp.soham.journalApp.
00:50:39.268 [main] DEBUG o.s.d.r.c.RepositoryComponentProvider -Identified candidate component class: file [C:\Users\soham\Downloads\journalApp\journalApp\target\classes\com\journalingapp\soham\journalApp\repository\ConfigJournalAppRepository.class]
00:50:39.269 [main] DEBUG o.s.d.r.c.RepositoryComponentProvider -Identified candidate component class: file [C:\Users\soham\Downloads\journalApp\journalApp\target\classes\com\journalingapp\soham\journalApp\repository\JournalEntryRepository.class]
00:50:39.269 [main] DEBUG o.s.d.r.c.RepositoryComponentProvider -Identified candidate component class: file [C:\Users\soham\Downloads\journalApp\journalApp\target\classes\com\journalingapp\soham\journalApp\repository\UserRepository.class]
00:50:39.402 [main] DEBUG o.s.d.r.c.RepositoryBeanDefinitionBuilder -Custom repository implementation already registered: userRepositoryImpl
00:50:39.417 [main] DEBUG o.s.c.a.ClassPathScanningCandidateComponentProvider -Identified candidate component class: file [C:\Users\soham\Downloads\journalApp\journalApp\target\classes\com\journalingapp\soham\journalApp\repository\UserRepositoryImpl.class]
00:50:39.417 [main] DEBUG o.s.c.a.ClassPathScanningCandidateComponentProvider -Identified candidate component class: file [C:\Users\soham\Downloads\journalApp\journalApp\target\classes\com\journalingapp\soham\journalApp\service\UserDetailsServiceImpl.class]
00:50:39.430 [main] INFO  o.s.d.r.c.RepositoryConfigurationDelegate -Finished Spring Data repository scanning in 174 ms. Found 3 MongoDB repository interfaces.
00:50:39.453 [main] INFO  o.s.d.r.c.RepositoryConfigurationDelegate -Multiple Spring Data modules found, entering strict repository configuration mode
00:50:39.454 [main] INFO  o.s.d.r.c.RepositoryConfigurationDelegate -Bootstrapping Spring Data Redis repositories in DEFAULT mode.
00:50:39.467 [main] DEBUG o.s.d.r.c.RepositoryConfigurationDelegate -Scanning for Redis repositories in packages com.journalingapp.soham.journalApp.
00:50:39.476 [main] DEBUG o.s.d.r.c.RepositoryComponentProvider -Identified candidate component class: file [C:\Users\soham\Downloads\journalApp\journalApp\target\classes\com\journalingapp\soham\journalApp\repository\ConfigJournalAppRepository.class]
00:50:39.476 [main] DEBUG o.s.d.r.c.RepositoryComponentProvider -Identified candidate component class: file [C:\Users\soham\Downloads\journalApp\journalApp\target\classes\com\journalingapp\soham\journalApp\repository\JournalEntryRepository.class]
00:50:39.477 [main] DEBUG o.s.d.r.c.RepositoryComponentProvider -Identified candidate component class: file [C:\Users\soham\Downloads\journalApp\journalApp\target\classes\com\journalingapp\soham\journalApp\repository\UserRepository.class]
00:50:39.482 [main] INFO  o.s.d.r.c.RepositoryConfigurationExtensionSupport -Spring Data Redis - Could not safely identify store assignment for repository candidate interface com.journalingapp.soham.journalApp.repository.ConfigJournalAppRepository; If you want this repository to be a Redis repository, consider annotating your entities with one of these annotations: org.springframework.data.redis.core.RedisHash (preferred), or consider extending one of the following types with your repository: org.springframework.data.keyvalue.repository.KeyValueRepository
00:50:39.482 [main] INFO  o.s.d.r.c.RepositoryConfigurationExtensionSupport -Spring Data Redis - Could not safely identify store assignment for repository candidate interface com.journalingapp.soham.journalApp.repository.JournalEntryRepository; If you want this repository to be a Redis repository, consider annotating your entities with one of these annotations: org.springframework.data.redis.core.RedisHash (preferred), or consider extending one of the following types with your repository: org.springframework.data.keyvalue.repository.KeyValueRepository
00:50:39.483 [main] INFO  o.s.d.r.c.RepositoryConfigurationExtensionSupport -Spring Data Redis - Could not safely identify store assignment for repository candidate interface com.journalingapp.soham.journalApp.repository.UserRepository; If you want this repository to be a Redis repository, consider annotating your entities with one of these annotations: org.springframework.data.redis.core.RedisHash (preferred), or consider extending one of the following types with your repository: org.springframework.data.keyvalue.repository.KeyValueRepository
00:50:39.483 [main] INFO  o.s.d.r.c.RepositoryConfigurationDelegate -Finished Spring Data repository scanning in 16 ms. Found 0 Redis repository interfaces.
00:50:39.616 [main] DEBUG o.s.b.f.s.DefaultListableBeanFactory -Creating shared instance of singleton bean 'springSecurityHandlerMappingIntrospectorBeanDefinitionRegistryPostProcessor'
00:50:39.731 [main] DEBUG o.s.b.f.s.DefaultListableBeanFactory -Creating shared instance of singleton bean 'propertySourcesPlaceholderConfigurer'
00:50:39.737 [main] DEBUG o.s.b.f.s.DefaultListableBeanFactory -Creating shared instance of singleton bean 'org.springframework.boot.test.mock.mockito.MockitoPostProcessor'
00:50:39.738 [main] DEBUG o.s.b.f.s.DefaultListableBeanFactory -Creating shared instance of singleton bean 'org.springframework.boot.sql.init.dependency.DatabaseInitializationDependencyConfigurer$DependsOnDatabaseInitializationPostProcessor'
00:50:39.775 [main] DEBUG o.s.b.f.s.DefaultListableBeanFactory -Creating shared instance of singleton bean 'org.springframework.context.event.internalEventListenerProcessor'
00:50:39.777 [main] DEBUG o.s.b.f.s.DefaultListableBeanFactory -Creating shared instance of singleton bean 'conversionServicePostProcessor'
00:50:39.784 [main] DEBUG o.s.b.f.s.DefaultListableBeanFactory -Creating shared instance of singleton bean 'preserveErrorControllerTargetClassPostProcessor'
00:50:39.785 [main] DEBUG o.s.b.f.s.DefaultListableBeanFactory -Creating shared instance of singleton bean 'forceAutoProxyCreatorToUseClassProxying'
00:50:39.786 [main] DEBUG o.s.b.f.s.DefaultListableBeanFactory -Creating shared instance of singleton bean 'org.springframework.context.event.internalEventListenerFactory'
00:50:39.786 [main] DEBUG o.s.b.f.s.DefaultListableBeanFactory -Creating shared instance of singleton bean 'org.springframework.transaction.config.internalTransactionalEventListenerFactory'
00:50:39.789 [main] DEBUG o.s.b.f.s.DefaultListableBeanFactory -Creating shared instance of singleton bean 'org.springframework.boot.test.mock.mockito.MockitoPostProcessor$SpyPostProcessor'
00:50:39.791 [main] DEBUG o.s.b.f.s.DefaultListableBeanFactory -Creating shared instance of singleton bean 'org.springframework.context.annotation.internalAutowiredAnnotationProcessor'
00:50:39.792 [main] DEBUG o.s.b.f.s.DefaultListableBeanFactory -Creating shared instance of singleton bean 'org.springframework.context.annotation.internalCommonAnnotationProcessor'
00:50:39.795 [main] DEBUG o.s.b.f.s.DefaultListableBeanFactory -Creating shared instance of singleton bean 'org.springframework.boot.context.properties.ConfigurationPropertiesBindingPostProcessor'
00:50:39.795 [main] DEBUG o.s.b.f.s.DefaultListableBeanFactory -Creating shared instance of singleton bean 'org.springframework.boot.context.internalConfigurationPropertiesBinder'
00:50:39.799 [main] DEBUG o.s.b.f.s.DefaultListableBeanFactory -Creating shared instance of singleton bean 'org.springframework.context.annotation.internalScheduledAnnotationProcessor'
00:50:39.799 [main] DEBUG o.s.b.f.s.DefaultListableBeanFactory -Creating shared instance of singleton bean 'org.springframework.scheduling.annotation.SchedulingConfiguration'
00:50:39.806 [main] DEBUG o.s.b.f.s.DefaultListableBeanFactory -Creating shared instance of singleton bean 'org.springframework.aop.config.internalAutoProxyCreator'
00:50:39.813 [main] DEBUG o.s.b.f.s.DefaultListableBeanFactory -Creating shared instance of singleton bean 'persistenceExceptionTranslationPostProcessor'
00:50:39.815 [main] DEBUG o.s.b.f.s.DefaultListableBeanFactory -Autowiring by type from bean name 'persistenceExceptionTranslationPostProcessor' via factory method to bean named 'environment'
00:50:39.819 [main] DEBUG o.s.b.f.s.DefaultListableBeanFactory -Creating shared instance of singleton bean 'webServerFactoryCustomizerBeanPostProcessor'
00:50:39.820 [main] DEBUG o.s.b.f.s.DefaultListableBeanFactory -Creating shared instance of singleton bean 'errorPageRegistrarBeanPostProcessor'
00:50:39.821 [main] DEBUG o.s.b.f.s.DefaultListableBeanFactory -Creating shared instance of singleton bean 'projectingArgumentResolverBeanPostProcessor'
00:50:39.836 [main] DEBUG o.s.b.f.s.DefaultListableBeanFactory -Creating shared instance of singleton bean 'org.springframework.transaction.config.internalTransactionAdvisor'
00:50:39.836 [main] DEBUG o.s.b.f.s.DefaultListableBeanFactory -Creating shared instance of singleton bean 'org.springframework.transaction.annotation.ProxyTransactionManagementConfiguration'
00:50:39.865 [main] DEBUG o.s.b.f.s.DefaultListableBeanFactory -Creating shared instance of singleton bean 'transactionAttributeSource'
00:50:39.866 [main] DEBUG o.s.b.f.s.DefaultListableBeanFactory -Creating shared instance of singleton bean 'transactionInterceptor'
00:50:39.867 [main] DEBUG o.s.b.f.s.DefaultListableBeanFactory -Autowiring by type from bean name 'transactionInterceptor' via factory method to bean named 'transactionAttributeSource'
00:50:39.871 [main] DEBUG o.s.b.f.s.DefaultListableBeanFactory -Autowiring by type from bean name 'org.springframework.transaction.config.internalTransactionAdvisor' via factory method to bean named 'transactionAttributeSource'
00:50:39.872 [main] DEBUG o.s.b.f.s.DefaultListableBeanFactory -Autowiring by type from bean name 'org.springframework.transaction.config.internalTransactionAdvisor' via factory method to bean named 'transactionInterceptor'
00:50:39.878 [main] DEBUG o.s.u.c.s.UiApplicationContextUtils -Unable to locate ThemeSource with name 'themeSource': using default [org.springframework.ui.context.support.ResourceBundleThemeSource@39da5e49]
00:50:39.880 [main] DEBUG o.s.b.f.s.DefaultListableBeanFactory -Creating shared instance of singleton bean 'org.springframework.test.context.support.internalDynamicPropertyRegistrarBeanInitializer'
00:50:39.883 [main] DEBUG o.s.b.f.s.DefaultListableBeanFactory -Creating shared instance of singleton bean 'journalApplication'
00:50:39.885 [main] DEBUG o.s.b.f.s.DefaultListableBeanFactory -Creating shared instance of singleton bean 'appCache'
00:50:39.888 [main] DEBUG o.s.b.f.s.DefaultListableBeanFactory -Creating shared instance of singleton bean 'configJournalAppRepository'
00:50:39.891 [main] DEBUG o.s.b.f.s.DefaultListableBeanFactory -Creating shared instance of singleton bean 'mongo.named-queries#2'
00:50:39.895 [main] DEBUG o.s.b.f.s.DefaultListableBeanFactory -Creating shared instance of singleton bean 'mongodb.ConfigJournalAppRepository.fragments#0'
00:50:39.899 [main] DEBUG o.s.b.f.s.DefaultListableBeanFactory -Creating shared instance of singleton bean 'mongoTemplate'
00:50:39.899 [main] DEBUG o.s.b.f.s.DefaultListableBeanFactory -Creating shared instance of singleton bean 'org.springframework.boot.autoconfigure.data.mongo.MongoDatabaseFactoryDependentConfiguration'
00:50:39.901 [main] DEBUG o.s.b.f.s.DefaultListableBeanFactory -Creating shared instance of singleton bean 'mongoDatabaseFactory'
00:50:39.902 [main] DEBUG o.s.b.f.s.DefaultListableBeanFactory -Creating shared instance of singleton bean 'org.springframework.boot.autoconfigure.data.mongo.MongoDatabaseFactoryConfiguration'
00:50:39.903 [main] DEBUG o.s.b.f.s.DefaultListableBeanFactory -Creating shared instance of singleton bean 'mongo'
00:50:39.903 [main] DEBUG o.s.b.f.s.DefaultListableBeanFactory -Creating shared instance of singleton bean 'org.springframework.boot.autoconfigure.mongo.MongoAutoConfiguration'
00:50:39.904 [main] DEBUG o.s.b.f.s.DefaultListableBeanFactory -Creating shared instance of singleton bean 'mongoClientSettings'
00:50:39.904 [main] DEBUG o.s.b.f.s.DefaultListableBeanFactory -Creating shared instance of singleton bean 'org.springframework.boot.autoconfigure.mongo.MongoAutoConfiguration$MongoClientSettingsConfiguration'
00:50:39.961 [main] DEBUG o.s.b.f.s.DefaultListableBeanFactory -Autowiring by type from bean name 'mongo' via factory method to bean named 'mongoClientSettings'
00:50:39.963 [main] DEBUG o.s.b.f.s.DefaultListableBeanFactory -Creating shared instance of singleton bean 'standardMongoSettingsCustomizer'
00:50:39.964 [main] DEBUG o.s.b.f.s.DefaultListableBeanFactory -Creating shared instance of singleton bean 'spring.data.mongodb-org.springframework.boot.autoconfigure.mongo.MongoProperties'
00:50:39.966 [main] DEBUG o.s.b.f.s.DefaultListableBeanFactory -Creating shared instance of singleton bean 'org.springframework.boot.context.properties.BoundConfigurationProperties'
00:50:39.980 [main] DEBUG o.s.b.f.s.DefaultListableBeanFactory -Creating shared instance of singleton bean 'mongoConnectionDetails'
00:50:39.981 [main] DEBUG o.s.b.f.s.DefaultListableBeanFactory -Autowiring by type from bean name 'mongoConnectionDetails' via factory method to bean named 'spring.data.mongodb-org.springframework.boot.autoconfigure.mongo.MongoProperties'
00:50:39.984 [main] DEBUG o.s.b.f.s.DefaultListableBeanFactory -Autowiring by type from bean name 'standardMongoSettingsCustomizer' via factory method to bean named 'spring.data.mongodb-org.springframework.boot.autoconfigure.mongo.MongoProperties'
00:50:39.984 [main] DEBUG o.s.b.f.s.DefaultListableBeanFactory -Autowiring by type from bean name 'standardMongoSettingsCustomizer' via factory method to bean named 'mongoConnectionDetails'
00:50:39.989 [main] DEBUG o.s.b.f.s.DefaultListableBeanFactory -Creating shared instance of singleton bean 'sslBundleRegistry'
00:50:39.990 [main] DEBUG o.s.b.f.s.DefaultListableBeanFactory -Creating shared instance of singleton bean 'org.springframework.boot.autoconfigure.ssl.SslAutoConfiguration'
00:50:39.992 [main] DEBUG o.s.b.f.s.DefaultListableBeanFactory -Creating shared instance of singleton bean 'spring.ssl-org.springframework.boot.autoconfigure.ssl.SslProperties'
00:50:39.995 [main] DEBUG o.s.b.f.s.DefaultListableBeanFactory -Autowiring by type from bean name 'org.springframework.boot.autoconfigure.ssl.SslAutoConfiguration' via constructor to bean named 'org.springframework.web.context.support.GenericWebApplicationContext@3068b369'
00:50:39.995 [main] DEBUG o.s.b.f.s.DefaultListableBeanFactory -Autowiring by type from bean name 'org.springframework.boot.autoconfigure.ssl.SslAutoConfiguration' via constructor to bean named 'spring.ssl-org.springframework.boot.autoconfigure.ssl.SslProperties'
00:50:40.000 [main] DEBUG o.s.b.f.s.DefaultListableBeanFactory -Creating shared instance of singleton bean 'sslPropertiesSslBundleRegistrar'
00:50:40.000 [main] DEBUG o.s.b.f.s.DefaultListableBeanFactory -Creating shared instance of singleton bean 'fileWatcher'
00:50:40.002 [main] DEBUG o.s.b.f.s.DefaultListableBeanFactory -Autowiring by type from bean name 'sslPropertiesSslBundleRegistrar' via factory method to bean named 'fileWatcher'
00:50:40.133 [main] DEBUG org.mongodb.driver.connection -Connection pool created for localhost:27017 using options maxIdleTimeMS=0, minPoolSize=0, maxPoolSize=100, maxConnecting=2, waitQueueTimeoutMS=120000
00:50:40.146 [main] DEBUG org.mongodb.driver.cluster -Updating cluster description to  {type=UNKNOWN, servers=[{address=localhost:27017, type=UNKNOWN, state=CONNECTING}]
00:50:40.174 [cluster-ClusterId{value='693c6b08808c064db802db14', description='null'}-localhost:27017] INFO  org.mongodb.driver.cluster -Exception in monitor thread while connecting to server localhost:27017
com.mongodb.MongoSocketOpenException: Exception opening socket
	at com.mongodb.internal.connection.SocketStream.lambda$open$0(SocketStream.java:85)
	at java.base/java.util.Optional.orElseThrow(Optional.java:403)
	at com.mongodb.internal.connection.SocketStream.open(SocketStream.java:85)
	at com.mongodb.internal.connection.InternalStreamConnection.open(InternalStreamConnection.java:233)
	at com.mongodb.internal.connection.DefaultServerMonitor$ServerMonitor.lookupServerDescription(DefaultServerMonitor.java:219)
	at com.mongodb.internal.connection.DefaultServerMonitor$ServerMonitor.run(DefaultServerMonitor.java:176)
Caused by: java.net.ConnectException: Connection refused: getsockopt
	at java.base/sun.nio.ch.Net.pollConnect(Native Method)
	at java.base/sun.nio.ch.Net.pollConnectNow(Net.java:672)
	at java.base/sun.nio.ch.NioSocketImpl.timedFinishConnect(NioSocketImpl.java:547)
	at java.base/sun.nio.ch.NioSocketImpl.connect(NioSocketImpl.java:602)
	at java.base/java.net.SocksSocketImpl.connect(SocksSocketImpl.java:327)
	at java.base/java.net.Socket.connect(Socket.java:633)
	at com.mongodb.internal.connection.SocketStreamHelper.initialize(SocketStreamHelper.java:76)
	at com.mongodb.internal.connection.SocketStream.initializeSocket(SocketStream.java:104)
	at com.mongodb.internal.connection.SocketStream.open(SocketStream.java:79)
	... 3 common frames omitted
00:50:40.177 [main] INFO  org.mongodb.driver.client -MongoClient with metadata {"driver": {"name": "mongo-java-driver|sync|spring-boot", "version": "5.2.1"}, "os": {"type": "Windows", "name": "Windows 11", "architecture": "amd64", "version": "10.0"}, "platform": "Java/Amazon.com Inc./17.0.13+11-LTS"} created with settings MongoClientSettings{readPreference=primary, writeConcern=WriteConcern{w=null, wTimeout=null ms, journal=null}, retryWrites=true, retryReads=true, readConcern=ReadConcern{level=null}, credential=null, transportSettings=null, commandListeners=[], codecRegistry=ProvidersCodecRegistry{codecProviders=[ValueCodecProvider{}, BsonValueCodecProvider{}, DBRefCodecProvider{}, DBObjectCodecProvider{}, DocumentCodecProvider{}, CollectionCodecProvider{}, IterableCodecProvider{}, MapCodecProvider{}, GeoJsonCodecProvider{}, GridFSFileCodecProvider{}, Jsr310CodecProvider{}, JsonObjectCodecProvider{}, BsonCodecProvider{}, EnumCodecProvider{}, com.mongodb.client.model.mql.ExpressionCodecProvider@6169be09, com.mongodb.Jep395RecordCodecProvider@5e3db14, com.mongodb.KotlinCodecProvider@5fb54740]}, loggerSettings=LoggerSettings{maxDocumentLength=1000}, clusterSettings={hosts=[localhost:27017], srvServiceName=mongodb, mode=SINGLE, requiredClusterType=UNKNOWN, requiredReplicaSetName='null', serverSelector='null', clusterListeners='[]', serverSelectionTimeout='30000 ms', localThreshold='15 ms'}, socketSettings=SocketSettings{connectTimeoutMS=10000, readTimeoutMS=0, receiveBufferSize=0, proxySettings=ProxySettings{host=null, port=null, username=null, password=null}}, heartbeatSocketSettings=SocketSettings{connectTimeoutMS=10000, readTimeoutMS=10000, receiveBufferSize=0, proxySettings=ProxySettings{host=null, port=null, username=null, password=null}}, connectionPoolSettings=ConnectionPoolSettings{maxSize=100, minSize=0, maxWaitTimeMS=120000, maxConnectionLifeTimeMS=0, maxConnectionIdleTimeMS=0, maintenanceInitialDelayMS=0, maintenanceFrequencyMS=60000, connectionPoolListeners=[], maxConnecting=2}, serverSettings=ServerSettings{heartbeatFrequencyMS=10000, minHeartbeatFrequencyMS=500, serverMonitoringMode=AUTO, serverListeners='[]', serverMonitorListeners='[]'}, sslSettings=SslSettings{enabled=false, invalidHostNameAllowed=false, context=null}, applicationName='null', compressorList=[], uuidRepresentation=JAVA_LEGACY, serverApi=null, autoEncryptionSettings=null, dnsClient=null, inetAddressResolver=null, contextProvider=null, timeoutMS=null}
00:50:40.178 [cluster-ClusterId{value='693c6b08808c064db802db14', description='null'}-localhost:27017] DEBUG org.mongodb.driver.cluster -Updating cluster description to  {type=UNKNOWN, servers=[{address=localhost:27017, type=UNKNOWN, state=CONNECTING, exception={com.mongodb.MongoSocketOpenException: Exception opening socket}, caused by {java.net.ConnectException: Connection refused: getsockopt}}]
00:50:40.183 [main] DEBUG o.s.b.f.s.DefaultListableBeanFactory -Autowiring by type from bean name 'mongoDatabaseFactory' via factory method to bean named 'mongo'
00:50:40.183 [main] DEBUG o.s.b.f.s.DefaultListableBeanFactory -Autowiring by type from bean name 'mongoDatabaseFactory' via factory method to bean named 'spring.data.mongodb-org.springframework.boot.autoconfigure.mongo.MongoProperties'
00:50:40.184 [main] DEBUG o.s.b.f.s.DefaultListableBeanFactory -Autowiring by type from bean name 'mongoDatabaseFactory' via factory method to bean named 'mongoConnectionDetails'
00:50:40.192 [main] DEBUG o.s.b.f.s.DefaultListableBeanFactory -Creating shared instance of singleton bean 'mappingMongoConverter'
00:50:40.193 [main] DEBUG o.s.b.f.s.DefaultListableBeanFactory -Creating shared instance of singleton bean 'org.springframework.boot.autoconfigure.data.mongo.MongoDataConfiguration'
00:50:40.195 [main] DEBUG o.s.b.f.s.DefaultListableBeanFactory -Creating shared instance of singleton bean 'mongoMappingContext'
00:50:40.197 [main] DEBUG o.s.b.f.s.DefaultListableBeanFactory -Creating shared instance of singleton bean 'mongoCustomConversions'
00:50:40.301 [main] DEBUG o.s.data.convert.CustomConversions -Adding converter from class java.lang.Character to class java.lang.String as writing converter
00:50:40.301 [main] DEBUG o.s.data.convert.CustomConversions -Adding converter from class java.util.Locale to class java.lang.String as writing converter
00:50:40.302 [main] DEBUG o.s.data.convert.CustomConversions -Adding converter from class java.math.BigDecimal to class java.lang.String as writing converter
00:50:40.302 [main] DEBUG o.s.data.convert.CustomConversions -Adding converter from class java.math.BigDecimal to class org.bson.types.Decimal128 as writing converter
00:50:40.303 [main] DEBUG o.s.data.convert.CustomConversions -Adding converter from class java.lang.String to class java.math.BigDecimal as reading converter
00:50:40.303 [main] DEBUG o.s.data.convert.CustomConversions -Adding converter from class org.bson.types.Decimal128 to class java.math.BigDecimal as reading converter
00:50:40.303 [main] DEBUG o.s.data.convert.CustomConversions -Adding converter from class java.math.BigInteger to class java.lang.String as writing converter
00:50:40.303 [main] DEBUG o.s.data.convert.CustomConversions -Adding converter from class java.lang.String to class java.math.BigInteger as reading converter
00:50:40.303 [main] DEBUG o.s.data.convert.CustomConversions -Adding converter from class java.net.URL to class java.lang.String as writing converter
00:50:40.303 [main] DEBUG o.s.data.convert.CustomConversions -Adding converter from class java.lang.String to class java.net.URL as reading converter
00:50:40.303 [main] DEBUG o.s.data.convert.CustomConversions -Adding converter from class org.bson.Document to class java.lang.String as reading converter
00:50:40.304 [main] DEBUG o.s.data.convert.CustomConversions -Adding converter from class org.springframework.data.mongodb.core.query.Term to class java.lang.String as writing converter
00:50:40.304 [main] DEBUG o.s.data.convert.CustomConversions -Adding converter from class org.springframework.data.mongodb.core.script.NamedMongoScript to class org.bson.Document as writing converter
00:50:40.304 [main] DEBUG o.s.data.convert.CustomConversions -Adding converter from class org.bson.Document to class org.springframework.data.mongodb.core.script.NamedMongoScript as reading converter
00:50:40.304 [main] DEBUG o.s.data.convert.CustomConversions -Adding converter from class java.util.Currency to class java.lang.String as writing converter
00:50:40.304 [main] DEBUG o.s.data.convert.CustomConversions -Adding converter from class java.lang.String to class java.util.Currency as reading converter
00:50:40.304 [main] DEBUG o.s.data.convert.CustomConversions -Adding converter from class java.util.concurrent.atomic.AtomicInteger to class java.lang.Integer as writing converter
00:50:40.304 [main] DEBUG o.s.data.convert.CustomConversions -Adding converter from class java.util.concurrent.atomic.AtomicLong to class java.lang.Long as writing converter
00:50:40.304 [main] DEBUG o.s.data.convert.CustomConversions -Adding converter from class java.lang.Long to class java.util.concurrent.atomic.AtomicLong as reading converter
00:50:40.304 [main] DEBUG o.s.data.convert.CustomConversions -Adding converter from class java.lang.Integer to class java.util.concurrent.atomic.AtomicInteger as reading converter
00:50:40.304 [main] DEBUG o.s.data.convert.CustomConversions -Adding converter from class org.bson.types.Binary to class [B as reading converter
00:50:40.304 [main] DEBUG o.s.data.convert.CustomConversions -Adding converter from class org.bson.BsonTimestamp to class java.time.Instant as reading converter
00:50:40.305 [main] DEBUG o.s.data.convert.CustomConversions -Adding converter from class org.bson.BsonUndefined to class java.lang.Object as reading converter
00:50:40.305 [main] DEBUG o.s.data.convert.CustomConversions -Adding converter from class java.lang.String to class java.net.URI as reading converter
00:50:40.305 [main] DEBUG o.s.data.convert.CustomConversions -Adding converter from class java.net.URI to class java.lang.String as writing converter
00:50:40.305 [main] DEBUG o.s.data.convert.CustomConversions -Adding converter from class org.springframework.data.geo.Box to class org.bson.Document as writing converter
00:50:40.305 [main] DEBUG o.s.data.convert.CustomConversions -Adding converter from class org.springframework.data.geo.Polygon to class org.bson.Document as writing converter
00:50:40.305 [main] DEBUG o.s.data.convert.CustomConversions -Adding converter from class org.springframework.data.geo.Circle to class org.bson.Document as writing converter
00:50:40.305 [main] DEBUG o.s.data.convert.CustomConversions -Adding converter from class org.springframework.data.mongodb.core.geo.Sphere to class org.bson.Document as writing converter
00:50:40.306 [main] DEBUG o.s.data.convert.CustomConversions -Adding converter from class org.bson.Document to class org.springframework.data.geo.Box as reading converter
00:50:40.306 [main] DEBUG o.s.data.convert.CustomConversions -Adding converter from class org.bson.Document to class org.springframework.data.geo.Polygon as reading converter
00:50:40.306 [main] DEBUG o.s.data.convert.CustomConversions -Adding converter from class org.bson.Document to class org.springframework.data.geo.Circle as reading converter
00:50:40.306 [main] DEBUG o.s.data.convert.CustomConversions -Adding converter from class org.bson.Document to class org.springframework.data.mongodb.core.geo.Sphere as reading converter
00:50:40.306 [main] DEBUG o.s.data.convert.CustomConversions -Adding converter from class org.bson.Document to class org.springframework.data.geo.Point as reading converter
00:50:40.306 [main] DEBUG o.s.data.convert.CustomConversions -Adding converter from class org.springframework.data.geo.Point to class org.bson.Document as writing converter
00:50:40.306 [main] DEBUG o.s.data.convert.CustomConversions -Adding converter from class org.springframework.data.mongodb.core.query.GeoCommand to class org.bson.Document as writing converter
00:50:40.306 [main] DEBUG o.s.data.convert.CustomConversions -Adding converter from interface org.springframework.data.mongodb.core.geo.GeoJson to class org.bson.Document as writing converter
00:50:40.306 [main] DEBUG o.s.data.convert.CustomConversions -Adding converter from class org.springframework.data.mongodb.core.geo.GeoJsonPoint to class org.bson.Document as writing converter
00:50:40.307 [main] DEBUG o.s.data.convert.CustomConversions -Adding converter from class org.springframework.data.mongodb.core.geo.GeoJsonPolygon to class org.bson.Document as writing converter
00:50:40.307 [main] DEBUG o.s.data.convert.CustomConversions -Adding converter from class org.bson.Document to class org.springframework.data.mongodb.core.geo.GeoJsonPoint as reading converter
00:50:40.307 [main] DEBUG o.s.data.convert.CustomConversions -Adding converter from class org.bson.Document to class org.springframework.data.mongodb.core.geo.GeoJsonPolygon as reading converter
00:50:40.307 [main] DEBUG o.s.data.convert.CustomConversions -Adding converter from class org.bson.Document to class org.springframework.data.mongodb.core.geo.GeoJsonLineString as reading converter
00:50:40.307 [main] DEBUG o.s.data.convert.CustomConversions -Adding converter from class org.bson.Document to class org.springframework.data.mongodb.core.geo.GeoJsonMultiLineString as reading converter
00:50:40.307 [main] DEBUG o.s.data.convert.CustomConversions -Adding converter from class org.bson.Document to class org.springframework.data.mongodb.core.geo.GeoJsonMultiPoint as reading converter
00:50:40.308 [main] DEBUG o.s.data.convert.CustomConversions -Adding converter from class org.bson.Document to class org.springframework.data.mongodb.core.geo.GeoJsonMultiPolygon as reading converter
00:50:40.308 [main] DEBUG o.s.data.convert.CustomConversions -Adding converter from class org.bson.Document to class org.springframework.data.mongodb.core.geo.GeoJsonGeometryCollection as reading converter
00:50:40.308 [main] DEBUG o.s.data.convert.CustomConversions -Adding converter from class org.bson.Document to interface org.springframework.data.mongodb.core.geo.GeoJson as reading converter
00:50:40.308 [main] DEBUG o.s.data.convert.CustomConversions -Adding converter from class java.util.Date to class java.time.LocalDateTime as reading converter
00:50:40.308 [main] DEBUG o.s.data.convert.CustomConversions -Adding converter from class java.time.LocalDateTime to class java.util.Date as writing converter
00:50:40.308 [main] DEBUG o.s.data.convert.CustomConversions -Adding converter from class java.util.Date to class java.time.LocalDate as reading converter
00:50:40.308 [main] DEBUG o.s.data.convert.CustomConversions -Adding converter from class java.time.LocalDate to class java.util.Date as writing converter
00:50:40.308 [main] DEBUG o.s.data.convert.CustomConversions -Adding converter from class java.util.Date to class java.time.LocalTime as reading converter
00:50:40.308 [main] DEBUG o.s.data.convert.CustomConversions -Adding converter from class java.time.LocalTime to class java.util.Date as writing converter
00:50:40.308 [main] DEBUG o.s.data.convert.CustomConversions -Adding converter from class java.util.Date to class java.time.Instant as reading converter
00:50:40.309 [main] DEBUG o.s.data.convert.CustomConversions -Adding converter from class java.time.Instant to class java.util.Date as writing converter
00:50:40.309 [main] DEBUG o.s.data.convert.CustomConversions -Skipping converter from class java.time.LocalDateTime to class java.time.Instant as reading converter class java.time.LocalDateTime is not a store supported simple type
00:50:40.309 [main] DEBUG o.s.data.convert.CustomConversions -Skipping converter from class java.time.Instant to class java.time.LocalDateTime as reading converter class java.time.Instant is not a store supported simple type
00:50:40.309 [main] DEBUG o.s.data.convert.CustomConversions -Adding converter from class java.time.ZoneId to class java.lang.String as writing converter
00:50:40.309 [main] DEBUG o.s.data.convert.CustomConversions -Adding converter from class java.lang.String to class java.time.ZoneId as reading converter
00:50:40.309 [main] DEBUG o.s.data.convert.CustomConversions -Adding converter from class java.time.Duration to class java.lang.String as writing converter
00:50:40.309 [main] DEBUG o.s.data.convert.CustomConversions -Adding converter from class java.lang.String to class java.time.Duration as reading converter
00:50:40.309 [main] DEBUG o.s.data.convert.CustomConversions -Adding converter from class java.time.Period to class java.lang.String as writing converter
00:50:40.309 [main] DEBUG o.s.data.convert.CustomConversions -Adding converter from class java.lang.String to class java.time.Period as reading converter
00:50:40.309 [main] DEBUG o.s.data.convert.CustomConversions -Adding converter from class java.lang.String to class java.time.LocalDate as reading converter
00:50:40.309 [main] DEBUG o.s.data.convert.CustomConversions -Adding converter from class java.lang.String to class java.time.LocalDateTime as reading converter
00:50:40.309 [main] DEBUG o.s.data.convert.CustomConversions -Adding converter from class java.lang.String to class java.time.Instant as reading converter
00:50:40.311 [main] DEBUG o.s.b.f.s.DefaultListableBeanFactory -Creating shared instance of singleton bean 'mongoManagedTypes'
00:50:40.312 [main] DEBUG o.s.b.f.s.DefaultListableBeanFactory -Autowiring by type from bean name 'mongoManagedTypes' via factory method to bean named 'org.springframework.web.context.support.GenericWebApplicationContext@3068b369'
00:50:40.318 [main] DEBUG o.s.c.a.ClassPathScanningCandidateComponentProvider -Identified candidate component class: file [C:\Users\soham\Downloads\journalApp\journalApp\target\classes\com\journalingapp\soham\journalApp\entity\ConfigJournalAppEntity.class]
00:50:40.319 [main] DEBUG o.s.c.a.ClassPathScanningCandidateComponentProvider -Identified candidate component class: file [C:\Users\soham\Downloads\journalApp\journalApp\target\classes\com\journalingapp\soham\journalApp\entity\JournalEntry.class]
00:50:40.319 [main] DEBUG o.s.c.a.ClassPathScanningCandidateComponentProvider -Identified candidate component class: file [C:\Users\soham\Downloads\journalApp\journalApp\target\classes\com\journalingapp\soham\journalApp\entity\User.class]
00:50:40.321 [main] DEBUG o.s.b.f.s.DefaultListableBeanFactory -Autowiring by type from bean name 'mongoMappingContext' via factory method to bean named 'spring.data.mongodb-org.springframework.boot.autoconfigure.mongo.MongoProperties'
00:50:40.321 [main] DEBUG o.s.b.f.s.DefaultListableBeanFactory -Autowiring by type from bean name 'mongoMappingContext' via factory method to bean named 'mongoCustomConversions'
00:50:40.321 [main] DEBUG o.s.b.f.s.DefaultListableBeanFactory -Autowiring by type from bean name 'mongoMappingContext' via factory method to bean named 'mongoManagedTypes'
00:50:40.387 [main] DEBUG o.s.b.f.s.DefaultListableBeanFactory -Creating shared instance of singleton bean 'delegatingApplicationListener'
00:50:40.419 [main] DEBUG o.s.b.f.s.DefaultListableBeanFactory -Autowiring by type from bean name 'mappingMongoConverter' via factory method to bean named 'mongoMappingContext'
00:50:40.419 [main] DEBUG o.s.b.f.s.DefaultListableBeanFactory -Autowiring by type from bean name 'mappingMongoConverter' via factory method to bean named 'mongoCustomConversions'
00:50:40.433 [main] DEBUG o.s.data.convert.CustomConversions -Adding converter from class java.lang.Character to class java.lang.String as writing converter
00:50:40.434 [main] DEBUG o.s.data.convert.CustomConversions -Adding converter from class java.util.Locale to class java.lang.String as writing converter
00:50:40.434 [main] DEBUG o.s.data.convert.CustomConversions -Adding converter from class java.math.BigDecimal to class java.lang.String as writing converter
00:50:40.434 [main] DEBUG o.s.data.convert.CustomConversions -Adding converter from class java.math.BigDecimal to class org.bson.types.Decimal128 as writing converter
00:50:40.434 [main] DEBUG o.s.data.convert.CustomConversions -Adding converter from class java.lang.String to class java.math.BigDecimal as reading converter
00:50:40.434 [main] DEBUG o.s.data.convert.CustomConversions -Adding converter from class org.bson.types.Decimal128 to class java.math.BigDecimal as reading converter
00:50:40.434 [main] DEBUG o.s.data.convert.CustomConversions -Adding converter from class java.math.BigInteger to class java.lang.String as writing converter
00:50:40.434 [main] DEBUG o.s.data.convert.CustomConversions -Adding converter from class java.lang.String to class java.math.BigInteger as reading converter
00:50:40.434 [main] DEBUG o.s.data.convert.CustomConversions -Adding converter from class java.net.URL to class java.lang.String as writing converter
00:50:40.434 [main] DEBUG o.s.data.convert.CustomConversions -Adding converter from class java.lang.String to class java.net.URL as reading converter
00:50:40.434 [main] DEBUG o.s.data.convert.CustomConversions -Adding converter from class org.bson.Document to class java.lang.String as reading converter
00:50:40.434 [main] DEBUG o.s.data.convert.CustomConversions -Adding converter from class org.springframework.data.mongodb.core.query.Term to class java.lang.String as writing converter
00:50:40.434 [main] DEBUG o.s.data.convert.CustomConversions -Adding converter from class org.springframework.data.mongodb.core.script.NamedMongoScript to class org.bson.Document as writing converter
00:50:40.435 [main] DEBUG o.s.data.convert.CustomConversions -Adding converter from class org.bson.Document to class org.springframework.data.mongodb.core.script.NamedMongoScript as reading converter
00:50:40.435 [main] DEBUG o.s.data.convert.CustomConversions -Adding converter from class java.util.Currency to class java.lang.String as writing converter
00:50:40.435 [main] DEBUG o.s.data.convert.CustomConversions -Adding converter from class java.lang.String to class java.util.Currency as reading converter
00:50:40.435 [main] DEBUG o.s.data.convert.CustomConversions -Adding converter from class java.util.concurrent.atomic.AtomicInteger to class java.lang.Integer as writing converter
00:50:40.435 [main] DEBUG o.s.data.convert.CustomConversions -Adding converter from class java.util.concurrent.atomic.AtomicLong to class java.lang.Long as writing converter
00:50:40.435 [main] DEBUG o.s.data.convert.CustomConversions -Adding converter from class java.lang.Long to class java.util.concurrent.atomic.AtomicLong as reading converter
00:50:40.435 [main] DEBUG o.s.data.convert.CustomConversions -Adding converter from class java.lang.Integer to class java.util.concurrent.atomic.AtomicInteger as reading converter
00:50:40.435 [main] DEBUG o.s.data.convert.CustomConversions -Adding converter from class org.bson.types.Binary to class [B as reading converter
00:50:40.435 [main] DEBUG o.s.data.convert.CustomConversions -Adding converter from class org.bson.BsonTimestamp to class java.time.Instant as reading converter
00:50:40.435 [main] DEBUG o.s.data.convert.CustomConversions -Adding converter from class org.bson.BsonUndefined to class java.lang.Object as reading converter
00:50:40.435 [main] DEBUG o.s.data.convert.CustomConversions -Adding converter from class java.lang.String to class java.net.URI as reading converter
00:50:40.435 [main] DEBUG o.s.data.convert.CustomConversions -Adding converter from class java.net.URI to class java.lang.String as writing converter
00:50:40.435 [main] DEBUG o.s.data.convert.CustomConversions -Adding converter from class org.springframework.data.geo.Box to class org.bson.Document as writing converter
00:50:40.435 [main] DEBUG o.s.data.convert.CustomConversions -Adding converter from class org.springframework.data.geo.Polygon to class org.bson.Document as writing converter
00:50:40.435 [main] DEBUG o.s.data.convert.CustomConversions -Adding converter from class org.springframework.data.geo.Circle to class org.bson.Document as writing converter
00:50:40.435 [main] DEBUG o.s.data.convert.CustomConversions -Adding converter from class org.springframework.data.mongodb.core.geo.Sphere to class org.bson.Document as writing converter
00:50:40.435 [main] DEBUG o.s.data.convert.CustomConversions -Adding converter from class org.bson.Document to class org.springframework.data.geo.Box as reading converter
00:50:40.435 [main] DEBUG o.s.data.convert.CustomConversions -Adding converter from class org.bson.Document to class org.springframework.data.geo.Polygon as reading converter
00:50:40.435 [main] DEBUG o.s.data.convert.CustomConversions -Adding converter from class org.bson.Document to class org.springframework.data.geo.Circle as reading converter
00:50:40.435 [main] DEBUG o.s.data.convert.CustomConversions -Adding converter from class org.bson.Document to class org.springframework.data.mongodb.core.geo.Sphere as reading converter
00:50:40.435 [main] DEBUG o.s.data.convert.CustomConversions -Adding converter from class org.bson.Document to class org.springframework.data.geo.Point as reading converter
00:50:40.437 [main] DEBUG o.s.data.convert.CustomConversions -Adding converter from class org.springframework.data.geo.Point to class org.bson.Document as writing converter
00:50:40.437 [main] DEBUG o.s.data.convert.CustomConversions -Adding converter from class org.springframework.data.mongodb.core.query.GeoCommand to class org.bson.Document as writing converter
00:50:40.437 [main] DEBUG o.s.data.convert.CustomConversions -Adding converter from interface org.springframework.data.mongodb.core.geo.GeoJson to class org.bson.Document as writing converter
00:50:40.437 [main] DEBUG o.s.data.convert.CustomConversions -Adding converter from class org.springframework.data.mongodb.core.geo.GeoJsonPoint to class org.bson.Document as writing converter
00:50:40.437 [main] DEBUG o.s.data.convert.CustomConversions -Adding converter from class org.springframework.data.mongodb.core.geo.GeoJsonPolygon to class org.bson.Document as writing converter
00:50:40.437 [main] DEBUG o.s.data.convert.CustomConversions -Adding converter from class org.bson.Document to class org.springframework.data.mongodb.core.geo.GeoJsonPoint as reading converter
00:50:40.437 [main] DEBUG o.s.data.convert.CustomConversions -Adding converter from class org.bson.Document to class org.springframework.data.mongodb.core.geo.GeoJsonPolygon as reading converter
00:50:40.437 [main] DEBUG o.s.data.convert.CustomConversions -Adding converter from class org.bson.Document to class org.springframework.data.mongodb.core.geo.GeoJsonLineString as reading converter
00:50:40.437 [main] DEBUG o.s.data.convert.CustomConversions -Adding converter from class org.bson.Document to class org.springframework.data.mongodb.core.geo.GeoJsonMultiLineString as reading converter
00:50:40.437 [main] DEBUG o.s.data.convert.CustomConversions -Adding converter from class org.bson.Document to class org.springframework.data.mongodb.core.geo.GeoJsonMultiPoint as reading converter
00:50:40.437 [main] DEBUG o.s.data.convert.CustomConversions -Adding converter from class org.bson.Document to class org.springframework.data.mongodb.core.geo.GeoJsonMultiPolygon as reading converter
00:50:40.437 [main] DEBUG o.s.data.convert.CustomConversions -Adding converter from class org.bson.Document to class org.springframework.data.mongodb.core.geo.GeoJsonGeometryCollection as reading converter
00:50:40.437 [main] DEBUG o.s.data.convert.CustomConversions -Adding converter from class org.bson.Document to interface org.springframework.data.mongodb.core.geo.GeoJson as reading converter
00:50:40.437 [main] DEBUG o.s.data.convert.CustomConversions -Adding converter from class java.util.Date to class java.time.LocalDateTime as reading converter
00:50:40.437 [main] DEBUG o.s.data.convert.CustomConversions -Adding converter from class java.time.LocalDateTime to class java.util.Date as writing converter
00:50:40.438 [main] DEBUG o.s.data.convert.CustomConversions -Adding converter from class java.util.Date to class java.time.LocalDate as reading converter
00:50:40.438 [main] DEBUG o.s.data.convert.CustomConversions -Adding converter from class java.time.LocalDate to class java.util.Date as writing converter
00:50:40.438 [main] DEBUG o.s.data.convert.CustomConversions -Adding converter from class java.util.Date to class java.time.LocalTime as reading converter
00:50:40.438 [main] DEBUG o.s.data.convert.CustomConversions -Adding converter from class java.time.LocalTime to class java.util.Date as writing converter
00:50:40.438 [main] DEBUG o.s.data.convert.CustomConversions -Adding converter from class java.util.Date to class java.time.Instant as reading converter
00:50:40.439 [main] DEBUG o.s.data.convert.CustomConversions -Adding converter from class java.time.Instant to class java.util.Date as writing converter
00:50:40.439 [main] DEBUG o.s.data.convert.CustomConversions -Skipping converter from class java.time.LocalDateTime to class java.time.Instant as reading converter class java.time.LocalDateTime is not a store supported simple type
00:50:40.439 [main] DEBUG o.s.data.convert.CustomConversions -Skipping converter from class java.time.Instant to class java.time.LocalDateTime as reading converter class java.time.Instant is not a store supported simple type
00:50:40.439 [main] DEBUG o.s.data.convert.CustomConversions -Adding converter from class java.time.ZoneId to class java.lang.String as writing converter
00:50:40.439 [main] DEBUG o.s.data.convert.CustomConversions -Adding converter from class java.lang.String to class java.time.ZoneId as reading converter
00:50:40.439 [main] DEBUG o.s.data.convert.CustomConversions -Adding converter from class java.time.Duration to class java.lang.String as writing converter
00:50:40.439 [main] DEBUG o.s.data.convert.CustomConversions -Adding converter from class java.lang.String to class java.time.Duration as reading converter
00:50:40.439 [main] DEBUG o.s.data.convert.CustomConversions -Adding converter from class java.time.Period to class java.lang.String as writing converter
00:50:40.439 [main] DEBUG o.s.data.convert.CustomConversions -Adding converter from class java.lang.String to class java.time.Period as reading converter
00:50:40.439 [main] DEBUG o.s.data.convert.CustomConversions -Adding converter from class java.lang.String to class java.time.LocalDate as reading converter
00:50:40.439 [main] DEBUG o.s.data.convert.CustomConversions -Adding converter from class java.lang.String to class java.time.LocalDateTime as reading converter
00:50:40.439 [main] DEBUG o.s.data.convert.CustomConversions -Adding converter from class java.lang.String to class java.time.Instant as reading converter
00:50:40.485 [main] DEBUG o.s.b.f.s.DefaultListableBeanFactory -Autowiring by type from bean name 'mongoTemplate' via factory method to bean named 'mongoDatabaseFactory'
00:50:40.486 [main] DEBUG o.s.b.f.s.DefaultListableBeanFactory -Autowiring by type from bean name 'mongoTemplate' via factory method to bean named 'mappingMongoConverter'
00:50:40.561 [main] DEBUG o.s.d.r.c.s.RepositoryFactorySupport -Initializing repository instance for com.journalingapp.soham.journalApp.repository.ConfigJournalAppRepository…
00:50:40.623 [main] DEBUG o.s.d.r.c.s.RepositoryFactorySupport -Finished creation of repository instance for com.journalingapp.soham.journalApp.repository.ConfigJournalAppRepository.
00:50:40.652 [main] DEBUG o.s.data.mongodb.core.MongoTemplate -find using query: {} fields: Document{{}} sort: null for class: class com.journalingapp.soham.journalApp.entity.ConfigJournalAppEntity in collection: config_journal_app
00:50:40.707 [main] DEBUG org.mongodb.driver.cluster -Server selection started for operation with ID 3. Selector: ReadPreferenceServerSelector{readPreference=primary}, topology description: {type=UNKNOWN, servers=[{address=localhost:27017, type=UNKNOWN, state=CONNECTING, exception={com.mongodb.MongoSocketOpenException: Exception opening socket}, caused by {java.net.ConnectException: Connection refused: getsockopt}}]
00:50:40.717 [main] INFO  org.mongodb.driver.cluster -Waiting for server to become available for operation with ID 3. Remaining time: 29990 ms. Selector: ReadPreferenceServerSelector{readPreference=primary}, topology description: {type=UNKNOWN, servers=[{address=localhost:27017, type=UNKNOWN, state=CONNECTING, exception={com.mongodb.MongoSocketOpenException: Exception opening socket}, caused by {java.net.ConnectException: Connection refused: getsockopt}}].
00:50:40.720 [cluster-ClusterId{value='693c6b08808c064db802db14', description='null'}-localhost:27017] DEBUG org.mongodb.driver.cluster -Updating cluster description to  {type=UNKNOWN, servers=[{address=localhost:27017, type=UNKNOWN, state=CONNECTING, exception={com.mongodb.MongoSocketOpenException: Exception opening socket}, caused by {java.net.ConnectException: Connection refused: getsockopt}}]
00:50:41.240 [cluster-ClusterId{value='693c6b08808c064db802db14', description='null'}-localhost:27017] DEBUG org.mongodb.driver.cluster -Updating cluster description to  {type=UNKNOWN, servers=[{address=localhost:27017, type=UNKNOWN, state=CONNECTING, exception={com.mongodb.MongoSocketOpenException: Exception opening socket}, caused by {java.net.ConnectException: Connection refused: getsockopt}}]
00:50:41.764 [cluster-ClusterId{value='693c6b08808c064db802db14', description='null'}-localhost:27017] DEBUG org.mongodb.driver.cluster -Updating cluster description to  {type=UNKNOWN, servers=[{address=localhost:27017, type=UNKNOWN, state=CONNECTING, exception={com.mongodb.MongoSocketOpenException: Exception opening socket}, caused by {java.net.ConnectException: Connection refused: getsockopt}}]
00:50:42.277 [cluster-ClusterId{value='693c6b08808c064db802db14', description='null'}-localhost:27017] DEBUG org.mongodb.driver.cluster -Updating cluster description to  {type=UNKNOWN, servers=[{address=localhost:27017, type=UNKNOWN, state=CONNECTING, exception={com.mongodb.MongoSocketOpenException: Exception opening socket}, caused by {java.net.ConnectException: Connection refused: getsockopt}}]
00:50:42.795 [cluster-ClusterId{value='693c6b08808c064db802db14', description='null'}-localhost:27017] DEBUG org.mongodb.driver.cluster -Updating cluster description to  {type=UNKNOWN, servers=[{address=localhost:27017, type=UNKNOWN, state=CONNECTING, exception={com.mongodb.MongoSocketOpenException: Exception opening socket}, caused by {java.net.ConnectException: Connection refused: getsockopt}}]
00:50:43.310 [cluster-ClusterId{value='693c6b08808c064db802db14', description='null'}-localhost:27017] DEBUG org.mongodb.driver.cluster -Updating cluster description to  {type=UNKNOWN, servers=[{address=localhost:27017, type=UNKNOWN, state=CONNECTING, exception={com.mongodb.MongoSocketOpenException: Exception opening socket}, caused by {java.net.ConnectException: Connection refused: getsockopt}}]
00:50:43.833 [cluster-ClusterId{value='693c6b08808c064db802db14', description='null'}-localhost:27017] DEBUG org.mongodb.driver.cluster -Updating cluster description to  {type=UNKNOWN, servers=[{address=localhost:27017, type=UNKNOWN, state=CONNECTING, exception={com.mongodb.MongoSocketOpenException: Exception opening socket}, caused by {java.net.ConnectException: Connection refused: getsockopt}}]
00:50:44.356 [cluster-ClusterId{value='693c6b08808c064db802db14', description='null'}-localhost:27017] DEBUG org.mongodb.driver.cluster -Updating cluster description to  {type=UNKNOWN, servers=[{address=localhost:27017, type=UNKNOWN, state=CONNECTING, exception={com.mongodb.MongoSocketOpenException: Exception opening socket}, caused by {java.net.ConnectException: Connection refused: getsockopt}}]
00:50:44.880 [cluster-ClusterId{value='693c6b08808c064db802db14', description='null'}-localhost:27017] DEBUG org.mongodb.driver.cluster -Updating cluster description to  {type=UNKNOWN, servers=[{address=localhost:27017, type=UNKNOWN, state=CONNECTING, exception={com.mongodb.MongoSocketOpenException: Exception opening socket}, caused by {java.net.ConnectException: Connection refused: getsockopt}}]
00:50:45.398 [cluster-ClusterId{value='693c6b08808c064db802db14', description='null'}-localhost:27017] DEBUG org.mongodb.driver.cluster -Updating cluster description to  {type=UNKNOWN, servers=[{address=localhost:27017, type=UNKNOWN, state=CONNECTING, exception={com.mongodb.MongoSocketOpenException: Exception opening socket}, caused by {java.net.ConnectException: Connection refused: getsockopt}}]
00:50:45.920 [cluster-ClusterId{value='693c6b08808c064db802db14', description='null'}-localhost:27017] DEBUG org.mongodb.driver.cluster -Updating cluster description to  {type=UNKNOWN, servers=[{address=localhost:27017, type=UNKNOWN, state=CONNECTING, exception={com.mongodb.MongoSocketOpenException: Exception opening socket}, caused by {java.net.ConnectException: Connection refused: getsockopt}}]
00:50:46.443 [cluster-ClusterId{value='693c6b08808c064db802db14', description='null'}-localhost:27017] DEBUG org.mongodb.driver.cluster -Updating cluster description to  {type=UNKNOWN, servers=[{address=localhost:27017, type=UNKNOWN, state=CONNECTING, exception={com.mongodb.MongoSocketOpenException: Exception opening socket}, caused by {java.net.ConnectException: Connection refused: getsockopt}}]
00:50:46.964 [cluster-ClusterId{value='693c6b08808c064db802db14', description='null'}-localhost:27017] DEBUG org.mongodb.driver.cluster -Updating cluster description to  {type=UNKNOWN, servers=[{address=localhost:27017, type=UNKNOWN, state=CONNECTING, exception={com.mongodb.MongoSocketOpenException: Exception opening socket}, caused by {java.net.ConnectException: Connection refused: getsockopt}}]
00:50:47.483 [cluster-ClusterId{value='693c6b08808c064db802db14', description='null'}-localhost:27017] DEBUG org.mongodb.driver.cluster -Updating cluster description to  {type=UNKNOWN, servers=[{address=localhost:27017, type=UNKNOWN, state=CONNECTING, exception={com.mongodb.MongoSocketOpenException: Exception opening socket}, caused by {java.net.ConnectException: Connection refused: getsockopt}}]
00:50:48.004 [cluster-ClusterId{value='693c6b08808c064db802db14', description='null'}-localhost:27017] DEBUG org.mongodb.driver.cluster -Updating cluster description to  {type=UNKNOWN, servers=[{address=localhost:27017, type=UNKNOWN, state=CONNECTING, exception={com.mongodb.MongoSocketOpenException: Exception opening socket}, caused by {java.net.ConnectException: Connection refused: getsockopt}}]
00:50:48.505 [cluster-ClusterId{value='693c6b08808c064db802db14', description='null'}-localhost:27017] DEBUG org.mongodb.driver.cluster -Updating cluster description to  {type=UNKNOWN, servers=[{address=localhost:27017, type=UNKNOWN, state=CONNECTING, exception={com.mongodb.MongoSocketOpenException: Exception opening socket}, caused by {java.net.ConnectException: Connection refused: getsockopt}}]
00:50:49.027 [cluster-ClusterId{value='693c6b08808c064db802db14', description='null'}-localhost:27017] DEBUG org.mongodb.driver.cluster -Updating cluster description to  {type=UNKNOWN, servers=[{address=localhost:27017, type=UNKNOWN, state=CONNECTING, exception={com.mongodb.MongoSocketOpenException: Exception opening socket}, caused by {java.net.ConnectException: Connection refused: getsockopt}}]
00:50:49.528 [cluster-ClusterId{value='693c6b08808c064db802db14', description='null'}-localhost:27017] DEBUG org.mongodb.driver.cluster -Updating cluster description to  {type=UNKNOWN, servers=[{address=localhost:27017, type=UNKNOWN, state=CONNECTING, exception={com.mongodb.MongoSocketOpenException: Exception opening socket}, caused by {java.net.ConnectException: Connection refused: getsockopt}}]
00:50:50.043 [cluster-ClusterId{value='693c6b08808c064db802db14', description='null'}-localhost:27017] DEBUG org.mongodb.driver.cluster -Updating cluster description to  {type=UNKNOWN, servers=[{address=localhost:27017, type=UNKNOWN, state=CONNECTING, exception={com.mongodb.MongoSocketOpenException: Exception opening socket}, caused by {java.net.ConnectException: Connection refused: getsockopt}}]
00:50:50.563 [cluster-ClusterId{value='693c6b08808c064db802db14', description='null'}-localhost:27017] DEBUG org.mongodb.driver.cluster -Updating cluster description to  {type=UNKNOWN, servers=[{address=localhost:27017, type=UNKNOWN, state=CONNECTING, exception={com.mongodb.MongoSocketOpenException: Exception opening socket}, caused by {java.net.ConnectException: Connection refused: getsockopt}}]
00:50:51.084 [cluster-ClusterId{value='693c6b08808c064db802db14', description='null'}-localhost:27017] DEBUG org.mongodb.driver.cluster -Updating cluster description to  {type=UNKNOWN, servers=[{address=localhost:27017, type=UNKNOWN, state=CONNECTING, exception={com.mongodb.MongoSocketOpenException: Exception opening socket}, caused by {java.net.ConnectException: Connection refused: getsockopt}}]
00:50:51.599 [cluster-ClusterId{value='693c6b08808c064db802db14', description='null'}-localhost:27017] DEBUG org.mongodb.driver.cluster -Updating cluster description to  {type=UNKNOWN, servers=[{address=localhost:27017, type=UNKNOWN, state=CONNECTING, exception={com.mongodb.MongoSocketOpenException: Exception opening socket}, caused by {java.net.ConnectException: Connection refused: getsockopt}}]
00:50:52.115 [cluster-ClusterId{value='693c6b08808c064db802db14', description='null'}-localhost:27017] DEBUG org.mongodb.driver.cluster -Updating cluster description to  {type=UNKNOWN, servers=[{address=localhost:27017, type=UNKNOWN, state=CONNECTING, exception={com.mongodb.MongoSocketOpenException: Exception opening socket}, caused by {java.net.ConnectException: Connection refused: getsockopt}}]
00:50:52.616 [cluster-ClusterId{value='693c6b08808c064db802db14', description='null'}-localhost:27017] DEBUG org.mongodb.driver.cluster -Updating cluster description to  {type=UNKNOWN, servers=[{address=localhost:27017, type=UNKNOWN, state=CONNECTING, exception={com.mongodb.MongoSocketOpenException: Exception opening socket}, caused by {java.net.ConnectException: Connection refused: getsockopt}}]
00:50:53.131 [cluster-ClusterId{value='693c6b08808c064db802db14', description='null'}-localhost:27017] DEBUG org.mongodb.driver.cluster -Updating cluster description to  {type=UNKNOWN, servers=[{address=localhost:27017, type=UNKNOWN, state=CONNECTING, exception={com.mongodb.MongoSocketOpenException: Exception opening socket}, caused by {java.net.ConnectException: Connection refused: getsockopt}}]
00:50:53.640 [cluster-ClusterId{value='693c6b08808c064db802db14', description='null'}-localhost:27017] DEBUG org.mongodb.driver.cluster -Updating cluster description to  {type=UNKNOWN, servers=[{address=localhost:27017, type=UNKNOWN, state=CONNECTING, exception={com.mongodb.MongoSocketOpenException: Exception opening socket}, caused by {java.net.ConnectException: Connection refused: getsockopt}}]
00:50:54.151 [cluster-ClusterId{value='693c6b08808c064db802db14', description='null'}-localhost:27017] DEBUG org.mongodb.driver.cluster -Updating cluster description to  {type=UNKNOWN, servers=[{address=localhost:27017, type=UNKNOWN, state=CONNECTING, exception={com.mongodb.MongoSocketOpenException: Exception opening socket}, caused by {java.net.ConnectException: Connection refused: getsockopt}}]
00:50:54.671 [cluster-ClusterId{value='693c6b08808c064db802db14', description='null'}-localhost:27017] DEBUG org.mongodb.driver.cluster -Updating cluster description to  {type=UNKNOWN, servers=[{address=localhost:27017, type=UNKNOWN, state=CONNECTING, exception={com.mongodb.MongoSocketOpenException: Exception opening socket}, caused by {java.net.ConnectException: Connection refused: getsockopt}}]
00:50:55.193 [cluster-ClusterId{value='693c6b08808c064db802db14', description='null'}-localhost:27017] DEBUG org.mongodb.driver.cluster -Updating cluster description to  {type=UNKNOWN, servers=[{address=localhost:27017, type=UNKNOWN, state=CONNECTING, exception={com.mongodb.MongoSocketOpenException: Exception opening socket}, caused by {java.net.ConnectException: Connection refused: getsockopt}}]
00:50:55.715 [cluster-ClusterId{value='693c6b08808c064db802db14', description='null'}-localhost:27017] DEBUG org.mongodb.driver.cluster -Updating cluster description to  {type=UNKNOWN, servers=[{address=localhost:27017, type=UNKNOWN, state=CONNECTING, exception={com.mongodb.MongoSocketOpenException: Exception opening socket}, caused by {java.net.ConnectException: Connection refused: getsockopt}}]
00:50:56.232 [cluster-ClusterId{value='693c6b08808c064db802db14', description='null'}-localhost:27017] DEBUG org.mongodb.driver.cluster -Updating cluster description to  {type=UNKNOWN, servers=[{address=localhost:27017, type=UNKNOWN, state=CONNECTING, exception={com.mongodb.MongoSocketOpenException: Exception opening socket}, caused by {java.net.ConnectException: Connection refused: getsockopt}}]
00:50:56.733 [cluster-ClusterId{value='693c6b08808c064db802db14', description='null'}-localhost:27017] DEBUG org.mongodb.driver.cluster -Updating cluster description to  {type=UNKNOWN, servers=[{address=localhost:27017, type=UNKNOWN, state=CONNECTING, exception={com.mongodb.MongoSocketOpenException: Exception opening socket}, caused by {java.net.ConnectException: Connection refused: getsockopt}}]
00:50:57.254 [cluster-ClusterId{value='693c6b08808c064db802db14', description='null'}-localhost:27017] DEBUG org.mongodb.driver.cluster -Updating cluster description to  {type=UNKNOWN, servers=[{address=localhost:27017, type=UNKNOWN, state=CONNECTING, exception={com.mongodb.MongoSocketOpenException: Exception opening socket}, caused by {java.net.ConnectException: Connection refused: getsockopt}}]
00:50:57.768 [cluster-ClusterId{value='693c6b08808c064db802db14', description='null'}-localhost:27017] DEBUG org.mongodb.driver.cluster -Updating cluster description to  {type=UNKNOWN, servers=[{address=localhost:27017, type=UNKNOWN, state=CONNECTING, exception={com.mongodb.MongoSocketOpenException: Exception opening socket}, caused by {java.net.ConnectException: Connection refused: getsockopt}}]
00:50:58.287 [cluster-ClusterId{value='693c6b08808c064db802db14', description='null'}-localhost:27017] DEBUG org.mongodb.driver.cluster -Updating cluster description to  {type=UNKNOWN, servers=[{address=localhost:27017, type=UNKNOWN, state=CONNECTING, exception={com.mongodb.MongoSocketOpenException: Exception opening socket}, caused by {java.net.ConnectException: Connection refused: getsockopt}}]
00:50:58.807 [cluster-ClusterId{value='693c6b08808c064db802db14', description='null'}-localhost:27017] DEBUG org.mongodb.driver.cluster -Updating cluster description to  {type=UNKNOWN, servers=[{address=localhost:27017, type=UNKNOWN, state=CONNECTING, exception={com.mongodb.MongoSocketOpenException: Exception opening socket}, caused by {java.net.ConnectException: Connection refused: getsockopt}}]
00:50:59.323 [cluster-ClusterId{value='693c6b08808c064db802db14', description='null'}-localhost:27017] DEBUG org.mongodb.driver.cluster -Updating cluster description to  {type=UNKNOWN, servers=[{address=localhost:27017, type=UNKNOWN, state=CONNECTING, exception={com.mongodb.MongoSocketOpenException: Exception opening socket}, caused by {java.net.ConnectException: Connection refused: getsockopt}}]
00:50:59.840 [cluster-ClusterId{value='693c6b08808c064db802db14', description='null'}-localhost:27017] DEBUG org.mongodb.driver.cluster -Updating cluster description to  {type=UNKNOWN, servers=[{address=localhost:27017, type=UNKNOWN, state=CONNECTING, exception={com.mongodb.MongoSocketOpenException: Exception opening socket}, caused by {java.net.ConnectException: Connection refused: getsockopt}}]
